[ads.idntimes.com/index.html]
[backblue.gif]
[fade.gif]
[index.html]
[www.idn.media/favicon.html]
[stackpath.bootstrapcdn.com/font-awesome/4.7.0/css/font-awesome.min.css]
[static.zdassets.com/ekr/snippetf8c4.js]
[certify-js.alexametrics.com/atrk.js]
[certify.alexametrics.com/atrk7b59.gif]
[ads.idntimes.com/index.html]
[www.idn.media/favicon.svg]
[use.fontawesome.com/releases/v5.15.1/css/all.css]
[www.idn.media/logo192.png]
[www.idn.media/manifest.json]
[www.idn.media/static/css/2.621fb9fd.chunk.css]
[cdnjs.cloudflare.com/ajax/libs/antd/4.15.2/antd.min.js]
[www.idn.media/static/css/main.8c733b5d.chunk.css]
[www.idn.media/favicon.html]
[stackpath.bootstrapcdn.com/font-awesome/4.7.0/css/font-awesome.min.css]
[www.googletagmanager.com/gtm5445.html]
[www.idn.media/favicon.svg]
[use.fontawesome.com/releases/v5.15.1/css/all.css]
[www.idn.media/static/js/main.c44d494c.chunk.js]
[www.idn.media/static/js/2.b076fe50.chunk.js]
[www.idn.media/static/css/2.621fb9fd.chunk.css]
[www.idn.media/static/css/main.8c733b5d.chunk.css]
