[template.drcash.sh/bdf658f1-2cef-480f-aaec-a274b0bd655c.html]
[backblue.gif]
[fade.gif]
[index.html]
[static.infothroat.com/pages/bdf658f1-2cef-480f-aaec-a274b0bd655c/img/product.png]
[static.infothroat.com/pages/bdf658f1-2cef-480f-aaec-a274b0bd655c/img/cont1.jpg]
[static.infothroat.com/pages/bdf658f1-2cef-480f-aaec-a274b0bd655c/img/cont2.jpg]
[static.infothroat.com/pages/bdf658f1-2cef-480f-aaec-a274b0bd655c/img/cont3.jpg]
[static.infothroat.com/pages/bdf658f1-2cef-480f-aaec-a274b0bd655c/img/prizewheel.png]
[static.infothroat.com/pages/bdf658f1-2cef-480f-aaec-a274b0bd655c/img/wheel-cursor.png]
[static.infothroat.com/pages/bdf658f1-2cef-480f-aaec-a274b0bd655c/img/1.jpg]
[static.infothroat.com/pages/bdf658f1-2cef-480f-aaec-a274b0bd655c/img/2.jpg]
[static.infothroat.com/pages/bdf658f1-2cef-480f-aaec-a274b0bd655c/img/3.jpg]
[static.infothroat.com/pages/bdf658f1-2cef-480f-aaec-a274b0bd655c/img/4.jpg]
[static.infothroat.com/pages/bdf658f1-2cef-480f-aaec-a274b0bd655c/img/5.jpg]
[static.infothroat.com/pages/bdf658f1-2cef-480f-aaec-a274b0bd655c/img/6.jpg]
[static.infothroat.com/pages/bdf658f1-2cef-480f-aaec-a274b0bd655c/img/7.jpg]
[static.infothroat.com/pages/bdf658f1-2cef-480f-aaec-a274b0bd655c/js/jquery-1.12.4.min.js]
[static.infothroat.com/pages/bdf658f1-2cef-480f-aaec-a274b0bd655c/js/jquery.countdown.min.js]
[static.infothroat.com/pages/bdf658f1-2cef-480f-aaec-a274b0bd655c/js/script.js]
[template.drcash.sh/bdf658f1-2cef-480f-aaec-a274b0bd655c.html]
[static.infothroat.com/pages/bdf658f1-2cef-480f-aaec-a274b0bd655c/css/style.css]
[static.infothroat.com/pages/bdf658f1-2cef-480f-aaec-a274b0bd655c/css/spin.css]
